<area shape="rect" href="ttethernet.configuration.base.BaseConfigurationManager.html" title="Simple Module BaseConfigurationManager" alt="" coords="319,5,495,32">
<area shape="rect" href="ttethernet.buffer.BGBuffer.html" title="Simple Module BGBuffer" alt="" coords="519,5,591,32">
<area shape="rect" href="ttethernet.buffer.BGQueueBuffer.html" title="Simple Module BGQueueBuffer" alt="" coords="472,80,584,107">
<area shape="rect" href="ttethernet.nodes.ethernet.TTEEtherHost.html" title="Compound Module TTEEtherHost" alt="" coords="615,5,716,32">
<area shape="rect" href="ttethernet.linklayer.BGTrafficHandle.html" title="Simple Module BGTrafficHandle" alt="" coords="608,80,723,107">
<area shape="rect" href="ttethernet.configuration.base.IConfigurationManager.html" title="Module Interface IConfigurationManager" alt="" coords="1139,80,1288,107">
<area shape="rect" href="ned.IdealChannel.html" title="Channel IdealChannel" alt="" coords="1383,155,1479,181">
<area shape="rect" href="ttethernet.linklayer.TTEPHYPort.html" title="Compound Module TTEPHYPort" alt="" coords="747,80,843,107">
<area shape="rect" href="ttethernet.synchronisation.base.ISync.html" title="Module Interface ISync" alt="" coords="917,80,989,107">
<area shape="rect" href="ttethernet.applications.base.ITTEApplication.html" title="Module Interface ITTEApplication" alt="" coords="5,80,117,107">
<area shape="rect" href="../../../inet/doc/neddoc/inet.applications.ethernet.EtherAppSrv.html" title="Simple Module EtherAppSrv" alt="" coords="141,80,235,107">
<area shape="rect" href="ttethernet.scheduler.TTEScheduler.html" title="Simple Module TTEScheduler" alt="" coords="1013,80,1115,107">
<area shape="rect" href="../../../inet/doc/neddoc/inet.linklayer.ethernet.EtherLLC.html" title="Simple Module EtherLLC" alt="" coords="259,80,333,107">
<area shape="rect" href="../../../inet/doc/neddoc/inet.applications.ethernet.EtherAppCli.html" title="Simple Module EtherAppCli" alt="" coords="357,80,448,107">
<area shape="rect" href="ttethernet.buffer.Buffer.html" title="Simple Module Buffer" alt="" coords="1749,5,1821,32">
<area shape="rect" href="ttethernet.buffer.CTBuffer.html" title="Simple Module CTBuffer" alt="" coords="1845,5,1917,32">
<area shape="rect" href="ned.DatarateChannel.html" title="Channel DatarateChannel" alt="" coords="1941,5,2059,32">
<area shape="rect" href="ned.DelayChannel.html" title="Channel DelayChannel" alt="" coords="2083,5,2184,32">
<area shape="rect" href="ttethernet.synchronisation.base.DummySync.html" title="Simple Module DummySync" alt="" coords="2208,5,2304,32">
<area shape="rect" href="ned.IBidirectionalChannel.html" title="Module Interface IBidirectionalChannel" alt="" coords="2328,5,2469,32">
<area shape="rect" href="ttethernet.nodes.ethernet.TTEEtherSwitch.html" title="Compound Module TTEEtherSwitch" alt="" coords="1007,5,1121,32">
<area shape="rect" href="../../../inet/doc/neddoc/inet.linklayer.IMACRelayUnit.html" title="Module Interface IMACRelayUnit" alt="" coords="1312,80,1421,107">
<area shape="rect" href="ttethernet.examples.small_network.Switch1.html" title="Compound Module Switch1" alt="" coords="1733,80,1805,107">
<area shape="rect" href="ttethernet.ctc.RCIncoming.html" title="Simple Module RCIncoming" alt="" coords="1879,155,1969,181">
<area shape="rect" href="ttethernet.buffer.RCQueueBuffer.html" title="Simple Module RCQueueBuffer" alt="" coords="1745,155,1855,181">
<area shape="rect" href="ttethernet.buffer.TTDoubleBuffer.html" title="Simple Module TTDoubleBuffer" alt="" coords="1615,155,1721,181">
<area shape="rect" href="ttethernet.ctc.TTIncoming.html" title="Simple Module TTIncoming" alt="" coords="1503,155,1591,181">
<area shape="rect" href="ttethernet.linklayer.TTEInput.html" title="Simple Module TTEInput" alt="" coords="759,155,831,181">
<area shape="rect" href="ttethernet.linklayer.TTEOutput.html" title="Simple Module TTEOutput" alt="" coords="855,155,937,181">
<area shape="rect" href="../../../inet/doc/neddoc/inet.linklayer.ethernet.EtherMACFullDuplex.html" title="Simple Module EtherMACFullDuplex" alt="" coords="593,155,735,181">
<area shape="rect" href="ttethernet.examples.small_network.Unit1.html" title="Compound Module Unit1" alt="" coords="1445,80,1517,107">
<area shape="rect" href="ttethernet.examples.small_network.Unit2.html" title="Compound Module Unit2" alt="" coords="1541,80,1613,107">
<area shape="rect" href="ttethernet.examples.small_network.Unit3.html" title="Compound Module Unit3" alt="" coords="1829,80,1901,107">
<area shape="rect" href="ttethernet.ctc.Incoming.html" title="Simple Module Incoming" alt="" coords="2493,5,2565,32">
<area shape="rect" href="ttethernet.linklayer.IPort.html" title="Module Interface IPort" alt="" coords="2589,5,2661,32">
<area shape="rect" href="ned.IUnidirectionalChannel.html" title="Module Interface IUnidirectionalChannel" alt="" coords="2685,5,2835,32">
<area shape="rect" href="ttethernet.buffer.RCBuffer.html" title="Simple Module RCBuffer" alt="" coords="2859,5,2931,32">
<area shape="rect" href="ttethernet.buffer.RCDoubleBuffer.html" title="Simple Module RCDoubleBuffer" alt="" coords="2955,5,3067,32">
<area shape="rect" href="ttethernet.applications.trafficsource.RCTrafficSourceApp.html" title="Simple Module RCTrafficSourceApp" alt="" coords="3091,5,3227,32">
<area shape="rect" href="ttethernet.examples.small_network.small_network.html" title="Network small_network" alt="" coords="1621,5,1725,32">
<area shape="rect" href="ttethernet.examples.small_network.small_network.cable.html" title="Channel cable" alt="" coords="1637,80,1709,107">
<area shape="rect" href="ttethernet.applications.trafficsource.TrafficSourceAppBase.html" title="Simple Module TrafficSourceAppBase" alt="" coords="3251,5,3400,32">
<area shape="rect" href="ttethernet.buffer.TTBuffer.html" title="Simple Module TTBuffer" alt="" coords="3424,5,3496,32">
<area shape="rect" href="ttethernet.applications.api.TTEAPIApplicationBase.html" title="Simple Module TTEAPIApplicationBase" alt="" coords="3520,5,3680,32">
<area shape="rect" href="ttethernet.applications.api.TTEAPITestApplication.html" title="Simple Module TTEAPITestApplication" alt="" coords="3704,5,3856,32">
<area shape="rect" href="ttethernet.applications.base.TTEApplicationBase.html" title="Simple Module TTEApplicationBase" alt="" coords="3880,5,4019,32">
<area shape="rect" href="ttethernet.applications.base.TTETestApp.html" title="Simple Module TTETestApp" alt="" coords="4043,5,4133,32">
<area shape="rect" href="ttethernet.api.TTEthAPI.html" title="Simple Module TTEthAPI" alt="" coords="4157,5,4232,32">
<area shape="rect" href="ttethernet.buffer.TTQueueBuffer.html" title="Simple Module TTQueueBuffer" alt="" coords="4256,5,4363,32">
<area shape="rect" href="ttethernet.applications.trafficsource.TTTrafficSourceApp.html" title="Simple Module TTTrafficSourceApp" alt="" coords="4387,5,4520,32">
