<area shape="rect" id="node1" href="ttethernet.configuration.base.BaseConfigurationManager.html" title="Simple Module BaseConfigurationManager" alt="" coords="5,83,184,111">
<area shape="rect" id="node2" href="ttethernet.configuration.base.IConfigurationManager.html" title="Module Interface IConfigurationManager" alt="" coords="19,6,171,34">
<area shape="rect" id="node4" href="ttethernet.buffer.BGBuffer.html" title="Simple Module BGBuffer" alt="" coords="97,161,172,189">
<area shape="rect" id="node7" href="ttethernet.buffer.BGQueueBuffer.html" title="Simple Module BGQueueBuffer" alt="" coords="67,238,181,266">
<area shape="rect" id="node5" href="ttethernet.buffer.Buffer.html" title="Simple Module Buffer" alt="" coords="208,83,280,111">
<area shape="rect" id="node12" href="ttethernet.buffer.CTBuffer.html" title="Simple Module CTBuffer" alt="" coords="207,161,281,189">
<area shape="rect" id="node9" href="ttethernet.linklayer.BGTrafficHandle.html" title="Simple Module BGTrafficHandle" alt="" coords="544,6,661,34">
<area shape="rect" id="node10" href="../../../inet/doc/neddoc/inet.linklayer.IOutputQueue.html" title="Module Interface IOutputQueue" alt="" coords="416,6,517,34">
<area shape="rect" id="node27" href="ttethernet.ctc.Incoming.html" title="Simple Module Incoming" alt="" coords="380,83,455,111">
<area shape="rect" id="node151" href="ttethernet.linklayer.TTEInput.html" title="Simple Module TTEInput" alt="" coords="479,83,553,111">
<area shape="rect" id="node153" href="ttethernet.linklayer.TTEOutput.html" title="Simple Module TTEOutput" alt="" coords="577,83,663,111">
<area shape="rect" id="node14" href="ttethernet.buffer.RCBuffer.html" title="Simple Module RCBuffer" alt="" coords="205,238,283,266">
<area shape="rect" id="node16" href="ttethernet.buffer.TTBuffer.html" title="Simple Module TTBuffer" alt="" coords="347,238,419,266">
<area shape="rect" id="node60" href="ttethernet.buffer.RCDoubleBuffer.html" title="Simple Module RCDoubleBuffer" alt="" coords="45,315,163,343">
<area shape="rect" id="node62" href="ttethernet.buffer.RCQueueBuffer.html" title="Simple Module RCQueueBuffer" alt="" coords="187,315,301,343">
<area shape="rect" id="node94" href="ttethernet.buffer.TTDoubleBuffer.html" title="Simple Module TTDoubleBuffer" alt="" coords="325,315,440,343">
<area shape="rect" id="node96" href="ttethernet.buffer.TTQueueBuffer.html" title="Simple Module TTQueueBuffer" alt="" coords="464,315,573,343">
<area shape="rect" id="node18" href="ned.DatarateChannel.html" title="Channel DatarateChannel" alt="" coords="692,6,812,34">
<area shape="rect" id="node19" href="ned.DelayChannel.html" title="Channel DelayChannel" alt="" coords="848,6,952,34">
<area shape="rect" id="node20" href="ttethernet.synchronisation.base.DummySync.html" title="Simple Module DummySync" alt="" coords="663,161,761,189">
<area shape="rect" id="node21" href="ttethernet.synchronisation.base.ISync.html" title="Module Interface ISync" alt="" coords="892,83,964,111">
<area shape="rect" id="node23" href="ttethernet.synchronisation.AS6802.HICompressionMaster.HICM.html" title="Simple Module HICM" alt="" coords="785,161,857,189">
<area shape="rect" id="node41" href="ttethernet.synchronisation.AS6802.SynchronisationClient.SC.html" title="Simple Module SC" alt="" coords="881,161,953,189">
<area shape="rect" id="node43" href="ttethernet.synchronisation.AS6802.SICompressionMaster.SICM.html" title="Simple Module SICM" alt="" coords="977,161,1049,189">
<area shape="rect" id="node45" href="ttethernet.synchronisation.AS6802.SynchronisationMaster.SM.html" title="Simple Module SM" alt="" coords="1073,161,1145,189">
<area shape="rect" id="node25" href="ned.IBidirectionalChannel.html" title="Module Interface IBidirectionalChannel" alt="" coords="1139,6,1283,34">
<area shape="rect" id="node26" href="ned.IdealChannel.html" title="Channel IdealChannel" alt="" coords="1307,6,1405,34">
<area shape="rect" id="node29" href="ttethernet.ctc.PCFIncoming.html" title="Simple Module PCFIncoming" alt="" coords="305,161,407,189">
<area shape="rect" id="node31" href="ttethernet.ctc.RCIncoming.html" title="Simple Module RCIncoming" alt="" coords="431,161,524,189">
<area shape="rect" id="node33" href="ttethernet.ctc.TTIncoming.html" title="Simple Module TTIncoming" alt="" coords="548,161,639,189">
<area shape="rect" id="node35" href="ttethernet.linklayer.IPort.html" title="Module Interface IPort" alt="" coords="1043,6,1115,34">
<area shape="rect" id="node36" href="ttethernet.linklayer.TTEPHYPort.html" title="Compound Module TTEPHYPort" alt="" coords="1029,83,1128,111">
<area shape="rect" id="node39" href="ttethernet.applications.base.ITTEApplication.html" title="Module Interface ITTEApplication" alt="" coords="1163,83,1277,111">
<area shape="rect" id="node47" href="ttethernet.applications.base.TTEApplicationBase.html" title="Simple Module TTEApplicationBase" alt="" coords="1169,161,1311,189">
<area shape="rect" id="node65" href="ttethernet.applications.trafficsource.TrafficSourceAppBase.html" title="Simple Module TrafficSourceAppBase" alt="" coords="932,238,1084,266">
<area shape="rect" id="node83" href="ttethernet.applications.base.examples.rt_tictoc.TicApp.html" title="Simple Module TicApp" alt="" coords="1108,238,1180,266">
<area shape="rect" id="node87" href="ttethernet.applications.base.examples.rt_tictoc.TocApp.html" title="Simple Module TocApp" alt="" coords="1204,238,1276,266">
<area shape="rect" id="node89" href="ttethernet.applications.trafficsink.TrafficSinkApp.html" title="Simple Module TrafficSinkApp" alt="" coords="1300,238,1407,266">
<area shape="rect" id="node98" href="ttethernet.applications.api.TTEAPIApplicationBase.html" title="Simple Module TTEAPIApplicationBase" alt="" coords="1431,238,1593,266">
<area shape="rect" id="node49" href="ttethernet.scheduler.ITTEScheduler.html" title="Module Interface ITTEScheduler" alt="" coords="1429,6,1539,34">
<area shape="rect" id="node50" href="ttethernet.scheduler.TTEScheduler.html" title="Simple Module TTEScheduler" alt="" coords="1432,83,1536,111">
<area shape="rect" id="node67" href="ttethernet.scheduler.RecordPlaybackScheduler.html" title="Simple Module RecordPlaybackScheduler" alt="" coords="1396,161,1572,189">
<area shape="rect" id="node52" href="ned.IUnidirectionalChannel.html" title="Module Interface IUnidirectionalChannel" alt="" coords="2184,6,2336,34">
<area shape="rect" id="node53" href="ttethernet.examples.small_network.Node1.html" title="Compound Module Node1" alt="" coords="1560,83,1632,111">
<area shape="rect" id="node54" href="ttethernet.nodes.ethernet.TTEEtherHost.html" title="Compound Module TTEEtherHost" alt="" coords="2983,6,3089,34">
<area shape="rect" id="node56" href="ttethernet.examples.small_network.Node2.html" title="Compound Module Node2" alt="" coords="1656,83,1728,111">
<area shape="rect" id="node58" href="ttethernet.examples.small_network.Node3.html" title="Compound Module Node3" alt="" coords="1752,83,1824,111">
<area shape="rect" id="node81" href="ttethernet.examples.rt_tictoc.Tic.html" title="Compound Module Tic" alt="" coords="1848,83,1920,111">
<area shape="rect" id="node85" href="ttethernet.examples.rt_tictoc.Toc.html" title="Compound Module Toc" alt="" coords="1944,83,2016,111">
<area shape="rect" id="node102" href="ttethernet.examples.synchronization.StandardIntegrity_medium.Unit1.html" title="Compound Module Unit1" alt="" coords="2040,83,2112,111">
<area shape="rect" id="node105" href="ttethernet.examples.synchronization.StandardIntegrity_large.Unit10.html" title="Compound Module Unit10" alt="" coords="2136,83,2208,111">
<area shape="rect" id="node107" href="ttethernet.examples.synchronization.StandardIntegrity_large.Unit11.html" title="Compound Module Unit11" alt="" coords="2232,83,2304,111">
<area shape="rect" id="node109" href="ttethernet.examples.synchronization.StandardIntegrity_large.Unit12.html" title="Compound Module Unit12" alt="" coords="2328,83,2400,111">
<area shape="rect" id="node111" href="ttethernet.examples.synchronization.StandardIntegrity_large.Unit13.html" title="Compound Module Unit13" alt="" coords="2424,83,2496,111">
<area shape="rect" id="node113" href="ttethernet.examples.synchronization.StandardIntegrity_large.Unit14.html" title="Compound Module Unit14" alt="" coords="2520,83,2592,111">
<area shape="rect" id="node115" href="ttethernet.examples.synchronization.StandardIntegrity_large.Unit15.html" title="Compound Module Unit15" alt="" coords="2616,83,2688,111">
<area shape="rect" id="node117" href="ttethernet.examples.synchronization.StandardIntegrity_large.Unit16.html" title="Compound Module Unit16" alt="" coords="2712,83,2784,111">
<area shape="rect" id="node119" href="ttethernet.examples.synchronization.StandardIntegrity_large.Unit17.html" title="Compound Module Unit17" alt="" coords="2808,83,2880,111">
<area shape="rect" id="node121" href="ttethernet.examples.synchronization.StandardIntegrity_large.Unit18.html" title="Compound Module Unit18" alt="" coords="2904,83,2976,111">
<area shape="rect" id="node123" href="ttethernet.examples.synchronization.StandardIntegrity_large.Unit19.html" title="Compound Module Unit19" alt="" coords="3000,83,3072,111">
<area shape="rect" id="node125" href="ttethernet.examples.synchronization.StandardIntegrity_medium.Unit2.html" title="Compound Module Unit2" alt="" coords="3096,83,3168,111">
<area shape="rect" id="node128" href="ttethernet.examples.synchronization.StandardIntegrity_large.Unit20.html" title="Compound Module Unit20" alt="" coords="3192,83,3264,111">
<area shape="rect" id="node130" href="ttethernet.examples.synchronization.StandardIntegrity_large.Unit21.html" title="Compound Module Unit21" alt="" coords="3288,83,3360,111">
<area shape="rect" id="node132" href="ttethernet.examples.synchronization.StandardIntegrity_medium.Unit3.html" title="Compound Module Unit3" alt="" coords="3384,83,3456,111">
<area shape="rect" id="node135" href="ttethernet.examples.synchronization.StandardIntegrity_medium.Unit4.html" title="Compound Module Unit4" alt="" coords="3480,83,3552,111">
<area shape="rect" id="node138" href="ttethernet.examples.synchronization.StandardIntegrity_medium.Unit5.html" title="Compound Module Unit5" alt="" coords="3576,83,3648,111">
<area shape="rect" id="node141" href="ttethernet.examples.synchronization.StandardIntegrity_medium.Unit6.html" title="Compound Module Unit6" alt="" coords="3672,83,3744,111">
<area shape="rect" id="node144" href="ttethernet.examples.synchronization.StandardIntegrity_medium.Unit7.html" title="Compound Module Unit7" alt="" coords="3768,83,3840,111">
<area shape="rect" id="node147" href="ttethernet.examples.synchronization.StandardIntegrity_large.Unit8.html" title="Compound Module Unit8" alt="" coords="3864,83,3936,111">
<area shape="rect" id="node149" href="ttethernet.examples.synchronization.StandardIntegrity_large.Unit9.html" title="Compound Module Unit9" alt="" coords="3960,83,4032,111">
<area shape="rect" id="node64" href="ttethernet.applications.trafficsource.RCTrafficSourceApp.html" title="Simple Module RCTrafficSourceApp" alt="" coords="855,315,996,343">
<area shape="rect" id="node92" href="ttethernet.applications.trafficsource.TTTrafficSourceApp.html" title="Simple Module TTTrafficSourceApp" alt="" coords="1020,315,1159,343">
<area shape="rect" id="node69" href="ttethernet.examples.rt_tictoc.rt_tictoc.html" title="Network rt_tictoc" alt="" coords="3179,6,3251,34">
<area shape="rect" id="node70" href="ttethernet.examples.synchronization.StandardIntegrity_medium.SICM_AS6802_sync.html" title="Network SICM_AS6802_sync" alt="" coords="3405,6,3549,34">
<area shape="rect" id="node71" href="ttethernet.examples.small_network.small_network.html" title="Network small_network" alt="" coords="3836,6,3943,34">
<area shape="rect" id="node72" href="ttethernet.examples.synchronization.StandardIntegrity_medium.Switch1.html" title="Compound Module Switch1" alt="" coords="4056,83,4128,111">
<area shape="rect" id="node73" href="ttethernet.nodes.ethernet.TTEEtherSwitch.html" title="Compound Module TTEEtherSwitch" alt="" coords="4033,6,4151,34">
<area shape="rect" id="node78" href="ttethernet.examples.synchronization.StandardIntegrity_medium.Switch2.html" title="Compound Module Switch2" alt="" coords="4152,83,4224,111">
<area shape="rect" id="node100" href="ttethernet.applications.api.TTEAPITestApplication.html" title="Simple Module TTEAPITestApplication" alt="" coords="1433,315,1591,343">
<area shape="rect" id="node155" href="test.modul.ttescheduler.TTESchedulerTest.html" title="Network TTESchedulerTest" alt="" coords="4175,6,4305,34">
<area shape="rect" id="node156" href="test.modul.ttescheduler.TTESchedulerTester.html" title="Simple Module TTESchedulerTester" alt="" coords="4329,6,4471,34">
<area shape="rect" id="node157" href="ttethernet.api.TTEthAPI.html" title="Simple Module TTEthAPI" alt="" coords="4495,6,4575,34">
