<area shape="rect" href="ttethernet.configuration.BaseConfigurationManager.html" title="Simple Module BaseConfigurationManager" alt="" coords="5,5,181,32">
<area shape="rect" href="ttethernet.buffer.BGBuffer.html" title="Simple Module BGBuffer" alt="" coords="205,5,277,32">
<area shape="rect" href="ttethernet.buffer.BGQueueBuffer.html" title="Simple Module BGQueueBuffer" alt="" coords="1304,80,1416,107">
<area shape="rect" href="ttethernet.nodes.ethernet.TTEEtherHost.html" title="Compound Module TTEEtherHost" alt="" coords="1309,5,1411,32">
<area shape="rect" href="ttethernet.linklayer.BGTrafficHandle.html" title="Simple Module BGTrafficHandle" alt="" coords="1440,80,1555,107">
<area shape="rect" href="ttethernet.configuration.IConfigurationManager.html" title="Module Interface IConfigurationManager" alt="" coords="960,80,1109,107">
<area shape="rect" href="ned.IdealChannel.html" title="Channel IdealChannel" alt="" coords="472,155,568,181">
<area shape="rect" href="ttethernet.linklayer.TTEPHYPort.html" title="Compound Module TTEPHYPort" alt="" coords="1184,80,1280,107">
<area shape="rect" href="ttethernet.synchronisation.ISync.html" title="Module Interface ISync" alt="" coords="864,80,936,107">
<area shape="rect" href="ttethernet.applications.ITTEApplication.html" title="Module Interface ITTEApplication" alt="" coords="1579,80,1691,107">
<area shape="rect" href="../../../inet/doc/neddoc/inet.applications.ethernet.EtherAppCli.html" title="Simple Module EtherAppCli" alt="" coords="1715,80,1805,107">
<area shape="rect" href="../../../inet/doc/neddoc/inet.applications.ethernet.EtherAppSrv.html" title="Simple Module EtherAppSrv" alt="" coords="1829,80,1923,107">
<area shape="rect" href="../../../inet/doc/neddoc/inet.linklayer.ethernet.EtherLLC.html" title="Simple Module EtherLLC" alt="" coords="1947,80,2021,107">
<area shape="rect" href="ttethernet.scheduler.TTEScheduler.html" title="Simple Module TTEScheduler" alt="" coords="739,80,840,107">
<area shape="rect" href="ttethernet.buffer.Buffer.html" title="Simple Module Buffer" alt="" coords="1435,5,1507,32">
<area shape="rect" href="ned.DatarateChannel.html" title="Channel DatarateChannel" alt="" coords="1531,5,1648,32">
<area shape="rect" href="ned.DelayChannel.html" title="Channel DelayChannel" alt="" coords="1672,5,1773,32">
<area shape="rect" href="ttethernet.synchronisation.DummySync.html" title="Simple Module DummySync" alt="" coords="1797,5,1893,32">
<area shape="rect" href="ned.IBidirectionalChannel.html" title="Module Interface IBidirectionalChannel" alt="" coords="1917,5,2059,32">
<area shape="rect" href="ttethernet.nodes.ethernet.TTEEtherSwitch.html" title="Compound Module TTEEtherSwitch" alt="" coords="843,5,957,32">
<area shape="rect" href="../../../inet/doc/neddoc/inet.linklayer.IMACRelayUnit.html" title="Module Interface IMACRelayUnit" alt="" coords="605,80,715,107">
<area shape="rect" href="ttethernet.examples.small_network.Switch1.html" title="Compound Module Switch1" alt="" coords="221,80,293,107">
<area shape="rect" href="ttethernet.buffer.TTDoubleBuffer.html" title="Simple Module TTDoubleBuffer" alt="" coords="211,155,317,181">
<area shape="rect" href="ttethernet.ctc.TTIncoming.html" title="Simple Module TTIncoming" alt="" coords="353,155,441,181">
<area shape="rect" href="ttethernet.linklayer.TTEInput.html" title="Simple Module TTEInput" alt="" coords="1095,155,1167,181">
<area shape="rect" href="ttethernet.linklayer.TTEOutput.html" title="Simple Module TTEOutput" alt="" coords="1191,155,1273,181">
<area shape="rect" href="../../../inet/doc/neddoc/inet.linklayer.ethernet.EtherMACFullDuplex.html" title="Simple Module EtherMACFullDuplex" alt="" coords="1297,155,1439,181">
<area shape="rect" href="ttethernet.examples.small_network.Unit1.html" title="Compound Module Unit1" alt="" coords="125,80,197,107">
<area shape="rect" href="ttethernet.examples.small_network.Unit2.html" title="Compound Module Unit2" alt="" coords="509,80,581,107">
<area shape="rect" href="ttethernet.examples.small_network.Unit3.html" title="Compound Module Unit3" alt="" coords="413,80,485,107">
<area shape="rect" href="ttethernet.ctc.Incoming.html" title="Simple Module Incoming" alt="" coords="2083,5,2155,32">
<area shape="rect" href="ttethernet.linklayer.IPort.html" title="Module Interface IPort" alt="" coords="2179,5,2251,32">
<area shape="rect" href="ned.IUnidirectionalChannel.html" title="Module Interface IUnidirectionalChannel" alt="" coords="2275,5,2424,32">
<area shape="rect" href="ttethernet.buffer.RCBuffer.html" title="Simple Module RCBuffer" alt="" coords="2448,5,2520,32">
<area shape="rect" href="ttethernet.buffer.RCDoubleBuffer.html" title="Simple Module RCDoubleBuffer" alt="" coords="2544,5,2656,32">
<area shape="rect" href="ttethernet.ctc.RCIncoming.html" title="Simple Module RCIncoming" alt="" coords="2680,5,2771,32">
<area shape="rect" href="ttethernet.buffer.RCQueueBuffer.html" title="Simple Module RCQueueBuffer" alt="" coords="2795,5,2904,32">
<area shape="rect" href="ttethernet.applications.RCTrafficSourceApp.html" title="Simple Module RCTrafficSourceApp" alt="" coords="2928,5,3064,32">
<area shape="rect" href="ttethernet.examples.small_network.small_network.html" title="Network small_network" alt="" coords="301,5,405,32">
<area shape="rect" href="ttethernet.examples.small_network.small_network.cable.html" title="Channel cable" alt="" coords="317,80,389,107">
<area shape="rect" href="ttethernet.applications.TrafficSourceAppBase.html" title="Simple Module TrafficSourceAppBase" alt="" coords="3088,5,3237,32">
<area shape="rect" href="ttethernet.buffer.TTBuffer.html" title="Simple Module TTBuffer" alt="" coords="3261,5,3333,32">
<area shape="rect" href="ttethernet.applications.TTEAPIApplicationBase.html" title="Simple Module TTEAPIApplicationBase" alt="" coords="3357,5,3517,32">
<area shape="rect" href="ttethernet.applications.TTEAPITestApplication.html" title="Simple Module TTEAPITestApplication" alt="" coords="3541,5,3693,32">
<area shape="rect" href="ttethernet.applications.TTEApplicationBase.html" title="Simple Module TTEApplicationBase" alt="" coords="3717,5,3856,32">
<area shape="rect" href="ttethernet.applications.TTETestApp.html" title="Simple Module TTETestApp" alt="" coords="3880,5,3971,32">
<area shape="rect" href="ttethernet.api.TTEthAPI.html" title="Simple Module TTEthAPI" alt="" coords="3995,5,4069,32">
<area shape="rect" href="ttethernet.buffer.TTQueueBuffer.html" title="Simple Module TTQueueBuffer" alt="" coords="4093,5,4200,32">
<area shape="rect" href="ttethernet.applications.TTTrafficSourceApp.html" title="Simple Module TTTrafficSourceApp" alt="" coords="4224,5,4357,32">
