<area shape="rect" id="node1" href="ned.IdealChannel.html" title="Channel IdealChannel" alt="" coords="297,83,396,111">
<area shape="rect" id="node2" href="ttethernet.examples.small_network.Switch1.html" title="Compound Module Switch1" alt="" coords="5,6,77,34">
<area shape="rect" id="node5" href="ttethernet.examples.rt_tictoc.Tic.html" title="Compound Module Tic" alt="" coords="101,6,173,34">
<area shape="rect" id="node7" href="ttethernet.examples.rt_tictoc.Toc.html" title="Compound Module Toc" alt="" coords="197,6,269,34">
<area shape="rect" id="node9" href="ttethernet.nodes.ethernet.TTEEtherHost.html" title="Compound Module TTEEtherHost" alt="" coords="293,6,400,34">
<area shape="rect" id="node11" href="ttethernet.linklayer.TTEPHYPort.html" title="Compound Module TTEPHYPort" alt="" coords="424,6,523,34">
<area shape="rect" id="node13" href="ttethernet.examples.small_network.Unit1.html" title="Compound Module Unit1" alt="" coords="547,6,619,34">
<area shape="rect" id="node15" href="ttethernet.examples.small_network.Unit2.html" title="Compound Module Unit2" alt="" coords="643,6,715,34">
<area shape="rect" id="node17" href="ttethernet.examples.small_network.Unit3.html" title="Compound Module Unit3" alt="" coords="739,6,811,34">
