<area shape="rect" href="ttethernet.nodes.ethernet.TTEEtherHost.html" title="Compound Module TTEEtherHost" alt="" coords="664,5,765,32">
<area shape="rect" href="ttethernet.buffer.BGQueueBuffer.html" title="Simple Module BGQueueBuffer" alt="" coords="5,80,117,107">
<area shape="rect" href="ned.IdealChannel.html" title="Channel IdealChannel" alt="" coords="141,80,237,107">
<area shape="rect" href="ttethernet.configuration.IConfigurationManager.html" title="Module Interface IConfigurationManager" alt="" coords="261,80,411,107">
<area shape="rect" href="ttethernet.linklayer.BGTrafficHandle.html" title="Simple Module BGTrafficHandle" alt="" coords="435,80,549,107">
<area shape="rect" href="ttethernet.synchronisation.ISync.html" title="Module Interface ISync" alt="" coords="573,80,645,107">
<area shape="rect" href="../../../inet/doc/neddoc/inet.applications.ethernet.EtherAppCli.html" title="Simple Module EtherAppCli" alt="" coords="669,80,760,107">
<area shape="rect" href="ttethernet.applications.ITTEApplication.html" title="Module Interface ITTEApplication" alt="" coords="784,80,896,107">
<area shape="rect" href="../../../inet/doc/neddoc/inet.applications.ethernet.EtherAppSrv.html" title="Simple Module EtherAppSrv" alt="" coords="920,80,1013,107">
<area shape="rect" href="../../../inet/doc/neddoc/inet.linklayer.ethernet.EtherLLC.html" title="Simple Module EtherLLC" alt="" coords="1037,80,1112,107">
<area shape="rect" href="ttethernet.linklayer.TTEPHYPort.html" title="Compound Module TTEPHYPort" alt="" coords="1136,80,1232,107">
<area shape="rect" href="ttethernet.scheduler.TTEScheduler.html" title="Simple Module TTEScheduler" alt="" coords="1256,80,1357,107">
