<area shape="rect" id="node1" href="ttethernet.linklayer.TTEPHYPort.html" title="Compound Module TTEPHYPort" alt="" coords="167,83,265,111">
<area shape="rect" id="node2" href="ttethernet.linklayer.TTEInput.html" title="Simple Module TTEInput" alt="" coords="5,161,80,189">
<area shape="rect" id="node4" href="ttethernet.linklayer.TTEOutput.html" title="Simple Module TTEOutput" alt="" coords="104,161,189,189">
<area shape="rect" id="node6" href="../../../inet/doc/neddoc/inet.linklayer.ethernet.EtherMACFullDuplex.html" title="Simple Module EtherMACFullDuplex" alt="" coords="213,161,357,189">
<area shape="rect" id="node8" href="ned.IdealChannel.html" title="Channel IdealChannel" alt="" coords="381,161,480,189">
<area shape="rect" id="node10" href="ttethernet.nodes.ethernet.TTEEtherHost.html" title="Compound Module TTEEtherHost" alt="" coords="95,6,201,34">
<area shape="rect" id="node12" href="ttethernet.nodes.ethernet.TTEEtherSwitch.html" title="Compound Module TTEEtherSwitch" alt="" coords="225,6,343,34">
