<area shape="rect" id="node1" href="ttethernet.synchronisation.base.ISync.html" title="Module Interface ISync" alt="" coords="224,83,296,111">
<area shape="rect" id="node4" href="ttethernet.synchronisation.base.DummySync.html" title="Simple Module DummySync" alt="" coords="5,161,104,189">
<area shape="rect" id="node6" href="ttethernet.synchronisation.AS6802.HICompressionMaster.HICM.html" title="Simple Module HICM" alt="" coords="128,161,200,189">
<area shape="rect" id="node8" href="ttethernet.synchronisation.AS6802.SynchronisationClient.SC.html" title="Simple Module SC" alt="" coords="224,161,296,189">
<area shape="rect" id="node10" href="ttethernet.synchronisation.AS6802.SICompressionMaster.SICM.html" title="Simple Module SICM" alt="" coords="320,161,392,189">
<area shape="rect" id="node12" href="ttethernet.synchronisation.AS6802.SynchronisationMaster.SM.html" title="Simple Module SM" alt="" coords="416,161,488,189">
<area shape="rect" id="node2" href="ttethernet.linklayer.IPort.html" title="Module Interface IPort" alt="" coords="224,6,296,34">
