<area shape="rect" id="node1" href="ttethernet.examples.synchronization.StandardIntegrity_large.SICM_AS6802_sync.html" title="Network SICM_AS6802_sync" alt="" coords="1073,6,1217,34">
<area shape="rect" id="node2" href="ttethernet.examples.synchronization.StandardIntegrity_large.Unit16.html" title="Compound Module Unit16" alt="" coords="5,83,77,111">
<area shape="rect" id="node4" href="ttethernet.examples.synchronization.StandardIntegrity_large.Unit18.html" title="Compound Module Unit18" alt="" coords="101,83,173,111">
<area shape="rect" id="node6" href="ttethernet.examples.synchronization.StandardIntegrity_large.Unit5.html" title="Compound Module Unit5" alt="" coords="197,83,269,111">
<area shape="rect" id="node8" href="ttethernet.examples.synchronization.StandardIntegrity_large.SICM_AS6802_sync.cable.html" title="Channel cable" alt="" coords="293,83,365,111">
<area shape="rect" id="node10" href="ttethernet.examples.synchronization.StandardIntegrity_large.Unit15.html" title="Compound Module Unit15" alt="" coords="389,83,461,111">
<area shape="rect" id="node12" href="ttethernet.examples.synchronization.StandardIntegrity_large.Unit7.html" title="Compound Module Unit7" alt="" coords="485,83,557,111">
<area shape="rect" id="node14" href="ttethernet.examples.synchronization.StandardIntegrity_large.Unit13.html" title="Compound Module Unit13" alt="" coords="581,83,653,111">
<area shape="rect" id="node16" href="ttethernet.examples.synchronization.StandardIntegrity_large.Unit9.html" title="Compound Module Unit9" alt="" coords="677,83,749,111">
<area shape="rect" id="node18" href="ttethernet.examples.synchronization.StandardIntegrity_large.Unit10.html" title="Compound Module Unit10" alt="" coords="773,83,845,111">
<area shape="rect" id="node20" href="ttethernet.examples.synchronization.StandardIntegrity_large.Unit3.html" title="Compound Module Unit3" alt="" coords="869,83,941,111">
<area shape="rect" id="node22" href="ttethernet.examples.synchronization.StandardIntegrity_large.Unit8.html" title="Compound Module Unit8" alt="" coords="965,83,1037,111">
<area shape="rect" id="node24" href="ttethernet.examples.synchronization.StandardIntegrity_large.Unit17.html" title="Compound Module Unit17" alt="" coords="1061,83,1133,111">
<area shape="rect" id="node26" href="ttethernet.examples.synchronization.StandardIntegrity_large.Unit21.html" title="Compound Module Unit21" alt="" coords="1157,83,1229,111">
<area shape="rect" id="node28" href="ttethernet.examples.synchronization.StandardIntegrity_large.Unit20.html" title="Compound Module Unit20" alt="" coords="1253,83,1325,111">
<area shape="rect" id="node30" href="ttethernet.examples.synchronization.StandardIntegrity_large.Unit6.html" title="Compound Module Unit6" alt="" coords="1349,83,1421,111">
<area shape="rect" id="node32" href="ttethernet.examples.synchronization.StandardIntegrity_large.Unit2.html" title="Compound Module Unit2" alt="" coords="1445,83,1517,111">
<area shape="rect" id="node34" href="ttethernet.examples.synchronization.StandardIntegrity_large.Unit19.html" title="Compound Module Unit19" alt="" coords="1541,83,1613,111">
<area shape="rect" id="node36" href="ttethernet.examples.synchronization.StandardIntegrity_large.Switch2.html" title="Compound Module Switch2" alt="" coords="1637,83,1709,111">
<area shape="rect" id="node38" href="ttethernet.examples.synchronization.StandardIntegrity_large.Unit14.html" title="Compound Module Unit14" alt="" coords="1733,83,1805,111">
<area shape="rect" id="node40" href="ttethernet.examples.synchronization.StandardIntegrity_large.Unit1.html" title="Compound Module Unit1" alt="" coords="1829,83,1901,111">
<area shape="rect" id="node42" href="ttethernet.examples.synchronization.StandardIntegrity_large.Unit4.html" title="Compound Module Unit4" alt="" coords="1925,83,1997,111">
<area shape="rect" id="node44" href="ttethernet.examples.synchronization.StandardIntegrity_large.Unit12.html" title="Compound Module Unit12" alt="" coords="2021,83,2093,111">
<area shape="rect" id="node46" href="ttethernet.examples.synchronization.StandardIntegrity_large.Unit11.html" title="Compound Module Unit11" alt="" coords="2117,83,2189,111">
<area shape="rect" id="node48" href="ttethernet.examples.synchronization.StandardIntegrity_large.Switch1.html" title="Compound Module Switch1" alt="" coords="2213,83,2285,111">
