<area shape="rect" href="ttethernet.nodes.ethernet.TTEEtherHost.html" title="Compound Module TTEEtherHost" alt="" coords="580,5,681,32">
<area shape="rect" href="ned.IdealChannel.html" title="Channel IdealChannel" alt="" coords="5,80,101,107">
<area shape="rect" href="ttethernet.scheduler.TTEScheduler.html" title="Simple Module TTEScheduler" alt="" coords="125,80,227,107">
<area shape="rect" href="../../../inet/doc/neddoc/inet.linklayer.ethernet.EtherLLC.html" title="Simple Module EtherLLC" alt="" coords="251,80,325,107">
<area shape="rect" href="ttethernet.linklayer.BGTrafficHandle.html" title="Simple Module BGTrafficHandle" alt="" coords="349,80,464,107">
<area shape="rect" href="ttethernet.synchronisation.base.ISync.html" title="Module Interface ISync" alt="" coords="488,80,560,107">
<area shape="rect" href="../../../inet/doc/neddoc/inet.applications.ethernet.EtherAppSrv.html" title="Simple Module EtherAppSrv" alt="" coords="584,80,677,107">
<area shape="rect" href="ttethernet.applications.base.ITTEApplication.html" title="Module Interface ITTEApplication" alt="" coords="701,80,813,107">
<area shape="rect" href="../../../inet/doc/neddoc/inet.applications.ethernet.EtherAppCli.html" title="Simple Module EtherAppCli" alt="" coords="837,80,928,107">
<area shape="rect" href="ttethernet.configuration.base.IConfigurationManager.html" title="Module Interface IConfigurationManager" alt="" coords="952,80,1101,107">
<area shape="rect" href="ttethernet.linklayer.TTEPHYPort.html" title="Compound Module TTEPHYPort" alt="" coords="1125,80,1221,107">
<area shape="rect" href="ttethernet.buffer.BGQueueBuffer.html" title="Simple Module BGQueueBuffer" alt="" coords="1245,80,1357,107">
